// Jest Snapshot v1, https://goo.gl/fbAQLP

exports[`renders correctly 1`] = `
<div>
  <h1>
    Roomies
  </h1>
  <nav>
    <a
      aria-current="page"
      href="/"
      onClick={[Function]}
    >
      <button
        type="button"
      >
        Home
      </button>
    </a>
    <a
      href="/postListing"
      onClick={[Function]}
    >
      <button
        type="button"
      >
        Post a Listing
      </button>
    </a>
  </nav>
  <div
    style={
      Object {
        "outline": "none",
      }
    }
    tabIndex="-1"
  >
    <div>
      Hello Home!
    </div>
  </div>
</div>
`;
